ITEM: TIMESTEP
0
ITEM: NUMBER OF ATOMS
1
ITEM: BOX BOUNDS pp pp pp
-1.76 1.76
-1.76 1.76
-1.76 1.76
ITEM: ATOMS id type xsu ysu zsu fx fy fz vx vy vz f_mean_forces[1] f_mean_forces[2] f_mean_forces[3] f_mean_velocities[1] f_mean_velocities[2] f_mean_velocities[3] f_mean_positions[1] f_mean_positions[2] f_mean_positions[3] c_test
1 1 0 0 0 0 0 0 0 0 0 1 2 3 4 5 6 7 8 9 10
