ITEM: TIMESTEP
0
ITEM: NUMBER OF ATOMS
1
ITEM: BOX BOUNDS pp pp pp
-1.76 1.76
-1.76 1.76
-1.76 1.76
ITEM: ATOMS id type xsu ysu zsu fx fy fz vx vy vz
1 1 0 0 0 0 0 0 0 0 0
ITEM: TIMESTEP
1
ITEM: NUMBER OF ATOMS
2
ITEM: BOX BOUNDS pp pp pp
-1.76 1.76
-1.76 1.76
-1.76 1.76
ITEM: ATOMS id type xsu ysu zsu fx fy fz vx vy vz
1 1 0 0 0 0 0 0 0 0 0
2 1 0 0 0 0 0 0 0 0 0
